// Jest Snapshot v1, https://goo.gl/fbAQLP

exports[`Button component snapp shot test and check children value 1`] = `
<button
  className="sc-bdfBwQ bHfbUj"
>
  Test
</button>
`;
